[2018-12-24 14:55:49.954423][debug] [DO]: 0 0 1 0 1 1 0 0 0 0 1 1 1 1 1 1 
[2018-12-24 14:55:49.954423][debug] [DI]: 1 1 1 0 0 0 1 1 1 1 1 1 1 1 1 1 
[2018-12-24 14:55:49.954423][debug] [Controller][0.000000|0.000000|0.000000|false|false|false|false|false|false]
[2018-12-24 14:55:49.954423][debug] [Odometer][0|1545634549954720974|5.962220|-0.673270|2.954311|false|-0.001209|0.000000|0.137647|0.000000]
[2018-12-24 14:55:49.970023][debug] DDD: task.parms_size = 1
[2018-12-24 14:55:49.970023][debug] [Get][0.000000|0.000000|0.143552|0.000000|0.500000|0.349066]
[2018-12-24 14:55:49.970023][debug] DDD: curdir_dist2goal = 0.00862632; delta_start_angle = 3.08556 delta_goal_angle =0.0560339; cur_dist2goal =0 m_near_ind 172 m_state = 3 total_size = 173 goal_vel = 0
[2018-12-24 14:55:49.970023][debug] [Send][0.000000|0.000000|0.136906|0.000000|0.500000|0.349066]
[2018-12-24 14:55:49.970023][debug] [IMU][2.823943|1545634549959596381|-0.144751|0.011365|9.591248|0.002128|0.001064|0.145799|-29|-6|-1]
[2018-12-24 14:55:49.970023][debug] [Data][Time Cost|0.068000]
[2018-12-24 14:55:49.970023][debug] m_spin = false m_spin_state = 3
[2018-12-24 14:55:49.970023][debug] DDD: Ouput vx =  0 vw = 0.136906 spin_speed = 0
[2018-12-24 14:55:49.970023][debug] Goto Time = -1.749
[2018-12-24 14:55:49.970023][debug] DDD: local_points_num = 380 global_points_num = 375
[2018-12-24 14:55:49.970023][debug] [Odometer][0|1545634549964989103|5.962167|-0.673260|2.955878|false|0.005222|0.000000|0.152586|0.000000]
[2018-12-24 14:55:49.970023][debug] [Battery][0.575500|-1.158000|47.452999|false|25.000000|0]
[2018-12-24 14:55:49.985623][debug] [Odometer][0|1545634549974312768|5.962148|-0.673257|2.957424|false|0.002156|0.000000|0.165831|0.000000]
[2018-12-24 14:55:49.985623][debug] [IMU][2.827433|1545634549982312819|-0.101086|-0.102881|9.607397|0.005321|-0.001064|0.157505|-29|-6|-1]
[2018-12-24 14:55:49.985623][debug] [Odometer][0|1545634549984449129|5.962128|-0.673253|2.958929|false|0.001984|0.000000|0.148468|0.000000]
[2018-12-24 14:55:50.001223][debug] DDD: local_points_num = 380 global_points_num = 0
[2018-12-24 14:55:50.001223][debug] DDD: task.parms_size = 1
[2018-12-24 14:55:50.001223][debug] [Get][0.000000|0.000000|0.136906|0.000000|0.500000|0.349066]
[2018-12-24 14:55:50.001223][debug] DDD: curdir_dist2goal = 0.00884319; delta_start_angle = 3.0892 delta_goal_angle =0.0523877; cur_dist2goal =0 m_near_ind 172 m_state = 3 total_size = 173 goal_vel = 0
[2018-12-24 14:55:50.001223][debug] [Send][0.000000|0.000000|0.130282|0.000000|0.500000|0.349066]
[2018-12-24 14:55:50.001223][debug] [Data][Time Cost|0.103000]
[2018-12-24 14:55:50.001223][debug] m_spin = false m_spin_state = 3
[2018-12-24 14:55:50.001223][debug] DDD: Ouput vx =  0 vw = 0.130282 spin_speed = 0
[2018-12-24 14:55:50.001223][debug] Goto Time = -1.882
[2018-12-24 14:55:50.001223][debug] [Odometer][0|1545634549997242419|5.962121|-0.673252|2.960475|false|0.000524|0.000000|0.120857|0.000000]
[2018-12-24 14:55:50.016823][debug] [IMU][2.830924|1545634550004971090|-0.068188|-0.227295|9.649268|0.002128|0.000000|0.160698|-29|-6|-1]
[2018-12-24 14:55:50.016823][debug] [Odometer][0|1545634550006432458|5.962135|-0.673254|2.962083|false|-0.001459|0.000000|0.174972|0.000000]
[2018-12-24 14:55:50.016823][debug] [Odometer][0|1545634550016527271|5.962121|-0.673252|2.963526|false|0.001328|0.000000|0.142952|0.000000]
[2018-12-24 14:55:50.016823][debug] [Location][-770.279465|-83636.560624|85.921744|0.862803|0|0|0|0]
[2018-12-24 14:55:50.032423][debug] DDD: local_points_num = 377 global_points_num = 381
[2018-12-24 14:55:50.032423][debug] DDD: task.parms_size = 1
[2018-12-24 14:55:50.032423][debug] [Get][0.000000|0.000000|0.130282|0.000000|0.500000|0.349066]
[2018-12-24 14:55:50.032423][debug] DDD: curdir_dist2goal = 0.0089695; delta_start_angle = 3.09165 delta_goal_angle =0.0499433; cur_dist2goal =0 m_near_ind 172 m_state = 3 total_size = 173 goal_vel = 0
[2018-12-24 14:55:50.032423][debug] [Send][0.000000|0.000000|0.125725|0.000000|0.500000|0.349066]
[2018-12-24 14:55:50.032423][debug] [Data][Time Cost|0.105000]
[2018-12-24 14:55:50.032423][debug] m_spin = false m_spin_state = 3
[2018-12-24 14:55:50.032423][debug] DDD: Ouput vx =  0 vw = 0.125725 spin_speed = 0
[2018-12-24 14:55:50.032423][debug] Goto Time = -1.772
[2018-12-24 14:55:50.032423][debug] [IMU][2.834414|1545634550027658729|0.018542|-0.369653|9.609790|0.003193|0.001064|0.156441|-29|-6|-1]
[2018-12-24 14:55:50.032423][debug] [Odometer][0|1545634550029045310|5.962115|-0.673251|2.966392|false|0.000535|0.000000|0.228913|0.000000]
[2018-12-24 14:55:50.048023][debug] [Odometer][0|1545634550037423116|5.961910|-0.673214|2.967031|false|0.024799|0.000000|0.076282|0.000000]
[2018-12-24 14:55:50.048023][debug] [Odometer][0|1545634550047307864|5.962115|-0.673250|2.967670|false|-0.021019|0.000000|0.064653|0.000000]
[2018-12-24 14:55:50.048023][debug] [IMU][2.837905|1545634550050294806|0.076563|-0.458777|9.667212|0.002128|-0.002128|0.141542|-29|-6|-1]
[2018-12-24 14:55:50.063623][debug] DDD: local_points_num = 376 global_points_num = 0
[2018-12-24 14:55:50.063623][debug] [DO]: 0 0 1 0 1 1 0 0 0 0 1 1 1 1 1 1 
[2018-12-24 14:55:50.063623][debug] [DI]: 1 1 1 0 0 0 1 1 1 1 1 1 1 1 1 1 
[2018-12-24 14:55:50.063623][debug] [Controller][0.000000|0.000000|0.000000|false|false|false|false|false|false]
[2018-12-24 14:55:50.063623][debug] DDD: task.parms_size = 1
[2018-12-24 14:55:50.063623][debug] [Get][0.000000|0.000000|0.125725|0.000000|0.500000|0.349066]
[2018-12-24 14:55:50.063623][debug] DDD: curdir_dist2goal = 0.00918651; delta_start_angle = 3.10253 delta_goal_angle =0.0390621; cur_dist2goal =0 m_near_ind 172 m_state = 3 total_size = 173 goal_vel = 0
[2018-12-24 14:55:50.063623][debug] [Send][0.000000|0.000000|0.104050|0.000000|0.500000|0.349066]
[2018-12-24 14:55:50.063623][debug] [Data][Time Cost|0.067000]
[2018-12-24 14:55:50.063623][debug] m_spin = false m_spin_state = 3
[2018-12-24 14:55:50.063623][debug] DDD: Ouput vx =  0 vw = 0.10405 spin_speed = 0
[2018-12-24 14:55:50.063623][debug] Goto Time = -2.203
[2018-12-24 14:55:50.063623][debug] [Odometer][0|1545634550059847581|5.962101|-0.673248|2.970144|false|0.001069|0.000000|0.197281|0.000000]
[2018-12-24 14:55:50.079223][debug] [Odometer][0|1545634550069926548|5.962108|-0.673249|2.971236|false|-0.000665|0.000000|0.108406|0.000000]
[2018-12-24 14:55:50.079223][debug] [IMU][2.841396|1545634550073008819|0.062805|-0.463562|9.615173|0.001064|0.003193|0.125579|-29|-6|-1]
[2018-12-24 14:55:50.079223][debug] [Odometer][0|1545634550079274471|5.962101|-0.673248|2.972288|false|0.000717|0.000000|0.112473|0.000000]
[2018-12-24 14:55:50.094823][debug] DDD: task.parms_size = 1
[2018-12-24 14:55:50.094823][debug] [Get][0.000000|0.000000|0.104050|0.000000|0.500000|0.349066]
[2018-12-24 14:55:50.094823][debug] DDD: curdir_dist2goal = 0.00913049; delta_start_angle = 3.10173 delta_goal_angle =0.0398662; cur_dist2goal =0 m_near_ind 172 m_state = 3 total_size = 173 goal_vel = 0
[2018-12-24 14:55:50.094823][debug] [Send][0.000000|0.000000|0.105742|0.000000|0.500000|0.349066]
[2018-12-24 14:55:50.094823][debug] [Data][Time Cost|0.115000]
[2018-12-24 14:55:50.094823][debug] m_spin = false m_spin_state = 3
[2018-12-24 14:55:50.094823][debug] DDD: Ouput vx =  0 vw = 0.105742 spin_speed = 0
[2018-12-24 14:55:50.094823][debug] Goto Time = -1.825
[2018-12-24 14:55:50.094823][debug] [Odometer][0|1545634550090250006|5.962121|-0.673252|2.973298|false|-0.001832|0.000000|0.092037|0.000000]
[2018-12-24 14:55:50.094823][debug] [IMU][2.843141|1545634550095688922|0.059814|-0.415710|9.664221|0.004257|0.001064|0.110679|-29|-6|-1]
[2018-12-24 14:55:50.110423][debug] [Location][-770.136075|-83635.763156|86.821041|0.901932|0|0|0|0]
[2018-12-24 14:55:50.110423][debug] DDD: local_points_num = 377 global_points_num = 377
[2018-12-24 14:55:50.110423][debug] [Odometer][0|1545634550099585439|5.962161|-0.673258|2.974370|false|-0.004308|0.000000|0.114831|0.000000]
[2018-12-24 14:55:50.110423][debug] [Laser][1545634550110423600|-90|90|1|-90|1048.58|-89|1.135|-88|1.51|-87|1.216|-86|1.174|-85|1.203|-84|3.625|-83|3.619|-82|3.627|-81|3.583|-80|3.282|-79|3.646|-78|3.667|-77|3.664|-76|3.628|-75|3.583|-74|3.603|-73|3.622|-72|3.653|-71|3.756|-70|3.777|-69|3.802|-68|3.814|-67|3.795|-66|3.849|-65|3.489|-64|3.914|-63|3.958|-62|3.99|-61|4.02|-60|4.057|-59|4.096|-58|4.139|-57|4.189|-56|4.23|-55|4.262|-54|4.321|-53|4.321|-52|4.424|-51|4.26|-50|4.47|-49|4.47|-48|4.518|-47|4.595|-46|4.794|-45|4.868|-44|4.893|-43|5.03|-42|5.125|-41|5.216|-40|5.48|-39|5.587|-38|5.693|-37|5.825|-36|5.944|-35|7.051|-34|6.916|-33|6.798|-32|6.692|-31|6.659|-30|6.653|-29|6.848|-28|7.074|-27|7.282|-26|7.485|-25|7.732|-24|8.012|-23|8.29|-22|8.619|-21|8.948|-20|9.349|-19|9.718|-18|10.187|-17|10.028|-16|9.965|-15|9.91|-14|11.06|-13|10.856|-12|10.786|-11|13.382|-10|1048.58|-9|1048.58|-8|16.634|-7|18.112|-6|20.495|-5|22.877|-4|1048.58|-3|1048.58|-2|1048.58|-1|1048.58|0|1048.58|1|1048.58|2|11.64|3|1048.58|4|1048.58|5|12.663|6|29.173|7|12.232|8|25.256|9|1048.58|10|16.298|11|16.348|12|16.769|13|19.619|14|19.738|15|12.128|16|20.178|17|7.985|18|7.45|19|7.484|20|7.505|21|7.546|22|7.583|23|12.674|24|1048.58|25|1048.58|26|1048.58|27|25.393|28|22.317|29|12.503|30|13.489|31|13.337|32|15.335|33|1048.58|34|1048.58|35|1048.58|36|14.589|37|14.199|38|19.792|39|1048.58|40|1048.58|41|15.792|42|15.487|43|14.752|44|19.7|45|1048.58|46|22.273|47|1048.58|48|20.162|49|20.354|50|1048.58|51|24.284|52|23.911|53|23.582|54|23.253|55|22.911|56|22.605|57|1048.58|58|1048.58|59|12.893|60|13.228|61|13.582|62|21.085|63|20.874|64|21.077|65|20.731|66|20.572|67|20.429|68|18.793|69|19.797|70|18.589|71|18.963|72|19.357|73|19.221|74|19.472|75|19.301|76|19.214|77|19.114|78|18.85|79|16.838|80|16.72|81|16.696|82|16.69|83|16.532|84|1048.58|85|16.449|86|16.395|87|16.372|88|16.355|89|16.318|90|16.324]
[2018-12-24 14:55:50.110423][debug] [Odometer][0|1545634550109763968|5.962168|-0.673259|2.975421|false|-0.000658|0.000000|0.103294|0.000000]
[2018-12-24 14:55:50.126023][debug] DDD: task.parms_size = 1
[2018-12-24 14:55:50.126023][debug] [Get][0.000000|0.000000|0.105742|0.000000|0.500000|0.349066]
[2018-12-24 14:55:50.126023][debug] DDD: curdir_dist2goal = 0.00932409; delta_start_angle = 3.10501 delta_goal_angle =0.0365786; cur_dist2goal =0 m_near_ind 172 m_state = 3 total_size = 173 goal_vel = 0
[2018-12-24 14:55:50.126023][debug] [Send][0.000000|0.000000|0.098706|0.000000|0.500000|0.349066]
[2018-12-24 14:55:50.126023][debug] [Data][Time Cost|0.070000]
[2018-12-24 14:55:50.126023][debug] m_spin = false m_spin_state = 3
[2018-12-24 14:55:50.126023][debug] DDD: Ouput vx =  0 vw = 0.0987061 spin_speed = 0
[2018-12-24 14:55:50.126023][debug] Goto Time = -1.942
[2018-12-24 14:55:50.126023][debug] [IMU][2.846632|1545634550118349568|0.041870|-0.340344|9.650464|0.002128|0.000000|0.097909|-29|-6|-1]
[2018-12-24 14:55:50.126023][debug] [Odometer][0|1545634550121735684|5.962168|-0.673259|2.976329|false|0.000000|0.000000|0.075768|0.000000]
[2018-12-24 14:55:50.141623][debug] DDD: local_points_num = 374 global_points_num = 379
[2018-12-24 14:55:50.141623][debug] [Odometer][0|1545634550131867142|5.962174|-0.673261|2.977174|false|-0.000662|0.000000|0.083426|0.000000]
[2018-12-24 14:55:50.141623][debug] [IMU][2.848377|1545634550141039477|-0.025122|-0.222510|9.658838|0.002128|0.001064|0.087266|-29|-6|-1]
[2018-12-24 14:55:50.141623][debug] [Odometer][0|1545634550141341516|5.962154|-0.673257|2.978019|false|0.002122|0.000000|0.089212|0.000000]
[2018-12-24 14:55:50.157223][debug] DDD: task.parms_size = 1
[2018-12-24 14:55:50.157223][debug] [Get][0.000000|0.000000|0.098706|0.000000|0.500000|0.349066]
[2018-12-24 14:55:50.157223][debug] DDD: curdir_dist2goal = 0.00896147; delta_start_angle = 3.11095 delta_goal_angle =0.0306414; cur_dist2goal =0 m_near_ind 172 m_state = 3 total_size = 173 goal_vel = 0
[2018-12-24 14:55:50.157223][debug] [Send][0.000000|0.000000|0.085118|0.000000|0.500000|0.349066]
[2018-12-24 14:55:50.157223][debug] [Data][Time Cost|0.065000]
[2018-12-24 14:55:50.157223][debug] m_spin = false m_spin_state = 3
[2018-12-24 14:55:50.157223][debug] DDD: Ouput vx =  0 vw = 0.0851177 spin_speed = 0
[2018-12-24 14:55:50.157223][debug] Goto Time = -1.739
[2018-12-24 14:55:50.157223][debug] [Odometer][0|1545634550152448871|5.962154|-0.673257|2.978926|false|0.000000|0.000000|0.081665|0.000000]
[2018-12-24 14:55:50.157223][debug] [DO]: 0 0 1 0 1 1 0 0 0 0 1 1 1 1 1 1 
[2018-12-24 14:55:50.157223][debug] [DI]: 1 1 1 0 0 0 1 1 1 1 1 1 1 1 1 1 
[2018-12-24 14:55:50.157223][debug] [Controller][0.000000|0.000000|0.000000|false|false|false|false|false|false]
[2018-12-24 14:55:50.172823][debug] [Odometer][0|1545634550161659916|5.962115|-0.673251|2.979833|false|0.004366|0.000000|0.098477|0.000000]
[2018-12-24 14:55:50.172823][debug] DDD: local_points_num = 380 global_points_num = 0
[2018-12-24 14:55:50.172823][debug] [IMU][2.850123|1545634550163749671|-0.059814|-0.171069|9.599622|0.001064|0.001064|0.085138|-29|-6|-1]
[2018-12-24 14:55:50.172823][debug] [Odometer][0|1545634550171775632|5.962101|-0.673249|2.980699|false|0.001325|0.000000|0.085594|0.000000]
[2018-12-24 14:55:50.188423][debug] [Odometer][0|1545634550181943581|5.962088|-0.673246|2.981565|false|0.001318|0.000000|0.085154|0.000000]
[2018-12-24 14:55:50.188423][debug] [IMU][2.851868|1545634550186406600|-0.057422|-0.143555|9.658838|0.001064|0.001064|0.086202|-29|-6|-1]
[2018-12-24 14:55:50.188423][debug] [Location][-770.144838|-83634.768029|87.558340|0.898571|0|0|0|0]
[2018-12-24 14:55:50.188423][debug] [Odometer][0|1545634550191339245|5.962075|-0.673244|2.982472|false|0.001427|0.000000|0.096542|0.000000]
[2018-12-24 14:55:50.188423][debug] DDD: task.parms_size = 1
[2018-12-24 14:55:50.188423][debug] [Get][0.000000|0.000000|0.085118|0.000000|0.500000|0.349066]
[2018-12-24 14:55:50.188423][debug] DDD: curdir_dist2goal = 0.00908946; delta_start_angle = 3.11228 delta_goal_angle =0.0293153; cur_dist2goal =0 m_near_ind 172 m_state = 3 total_size = 173 goal_vel = 0
[2018-12-24 14:55:50.188423][debug] [Send][0.000000|0.000000|0.081894|0.000000|0.500000|0.349066]
[2018-12-24 14:55:50.188423][debug] [Data][Time Cost|0.069000]
[2018-12-24 14:55:50.188423][debug] m_spin = false m_spin_state = 3
[2018-12-24 14:55:50.188423][debug] DDD: Ouput vx =  0 vw = 0.0818944 spin_speed = 0
[2018-12-24 14:55:50.188423][debug] Goto Time = -14.995
[2018-12-24 14:55:50.204023][debug] DDD: local_points_num = 381 global_points_num = 373
[2018-12-24 14:55:50.204023][debug] [Odometer][0|1545634550201449335|5.962061|-0.673242|2.983338|false|0.001326|0.000000|0.085642|0.000000]
[2018-12-24 14:55:50.219623][debug] [IMU][2.853613|1545634550209065490|-0.090918|-0.189612|9.646277|0.002128|0.001064|0.091523|-29|-6|-1]
[2018-12-24 14:55:50.219623][debug] DDD: task.parms_size = 1
[2018-12-24 14:55:50.219623][debug] [Get][0.000000|0.000000|0.081894|0.000000|0.500000|0.349066]
[2018-12-24 14:55:50.219623][debug] DDD: curdir_dist2goal = 0.00822071; delta_start_angle = 3.11536 delta_goal_angle =0.0262361; cur_dist2goal =0 m_near_ind 172 m_state = 3 total_size = 173 goal_vel = 0
[2018-12-24 14:55:50.219623][debug] [Send][0.000000|0.000000|0.074067|0.000000|0.500000|0.349066]
[2018-12-24 14:55:50.219623][debug] [Data][Time Cost|0.062000]
[2018-12-24 14:55:50.219623][debug] m_spin = false m_spin_state = 3
[2018-12-24 14:55:50.219623][debug] DDD: Ouput vx =  0 vw = 0.0740672 spin_speed = 0
[2018-12-24 14:55:50.219623][debug] Goto Time = -1.995
[2018-12-24 14:55:50.219623][debug] [Odometer][0|1545634550211500690|5.962088|-0.673246|2.984287|false|-0.002667|0.000000|0.094346|0.000000]
[2018-12-24 14:55:50.219623][debug] [Odometer][0|1545634550221658006|5.962088|-0.673246|2.985111|false|0.000000|0.000000|0.081184|0.000000]
[2018-12-24 14:55:50.235223][debug] DDD: local_points_num = 377 global_points_num = 381
[2018-12-24 14:55:50.235223][debug] [Odometer][0|1545634550231635039|5.962095|-0.673247|2.985956|false|-0.000672|0.000000|0.084718|0.000000]
[2018-12-24 14:55:50.235223][debug] [IMU][2.855359|1545634550231854290|-0.057422|-0.287109|9.617566|0.001064|0.001064|0.092588|-29|-6|-1]
[2018-12-24 14:55:50.250823][debug] DDD: task.parms_size = 1
[2018-12-24 14:55:50.250823][debug] [Get][0.000000|0.000000|0.074067|0.000000|0.500000|0.349066]
[2018-12-24 14:55:50.250823][debug] DDD: curdir_dist2goal = 0.00826198; delta_start_angle = 3.11731 delta_goal_angle =0.0242816; cur_dist2goal =0 m_near_ind 172 m_state = 3 total_size = 173 goal_vel = 0
[2018-12-24 14:55:50.250823][debug] [Send][0.000000|0.000000|0.068807|0.000000|0.500000|0.349066]
[2018-12-24 14:55:50.250823][debug] [Data][Time Cost|0.068000]
[2018-12-24 14:55:50.250823][debug] m_spin = false m_spin_state = 3
[2018-12-24 14:55:50.250823][debug] DDD: Ouput vx =  0 vw = 0.0688069 spin_speed = 0
[2018-12-24 14:55:50.250823][debug] Goto Time = -1.959
[2018-12-24 14:55:50.250823][debug] [Odometer][0|1545634550241640355|5.962108|-0.673250|2.986740|false|-0.001340|0.000000|0.078297|0.000000]
[2018-12-24 14:55:50.250823][debug] [Odometer][0|1545634550251743529|5.962095|-0.673247|2.987565|false|0.001327|0.000000|0.081619|0.000000]
[2018-12-24 14:55:50.250823][debug] [DO]: 0 0 1 0 1 1 0 0 0 0 1 1 1 1 1 1 
[2018-12-24 14:55:50.250823][debug] [DI]: 1 1 1 0 0 0 1 1 1 1 1 1 1 1 1 1 
[2018-12-24 14:55:50.250823][debug] [Controller][0.000000|0.000000|0.000000|false|false|false|false|false|false]
[2018-12-24 14:55:50.266423][debug] [IMU][2.858849|1545634550254462910|0.026318|-0.334961|9.625342|0.002128|0.003193|0.086202|-29|-6|-1]
[2018-12-24 14:55:50.266423][debug] DDD: local_points_num = 377 global_points_num = 0
[2018-12-24 14:55:50.266423][debug] [Odometer][0|1545634550261670187|5.962115|-0.673251|2.988286|false|-0.002025|0.000000|0.072687|0.000000]
[2018-12-24 14:55:50.266423][debug] [Location][-769.907383|-83633.759862|87.946212|0.902288|0|0|0|0]
[2018-12-24 14:55:50.282023][debug] DDD: task.parms_size = 1
[2018-12-24 14:55:50.282023][debug] [Odometer][0|1545634550271567529|5.962108|-0.673250|2.989007|false|0.000677|0.000000|0.072902|0.000000]
[2018-12-24 14:55:50.282023][debug] [Get][0.000000|0.000000|0.068807|0.000000|0.500000|0.349066]
[2018-12-24 14:55:50.282023][debug] DDD: curdir_dist2goal = 0.00829338; delta_start_angle = 3.11802 delta_goal_angle =0.0235734; cur_dist2goal =0 m_near_ind 172 m_state = 3 total_size = 173 goal_vel = 0
[2018-12-24 14:55:50.282023][debug] [Send][0.000000|0.000000|0.066832|0.000000|0.500000|0.349066]
[2018-12-24 14:55:50.282023][debug] [Data][Time Cost|0.100000]
[2018-12-24 14:55:50.282023][debug] m_spin = false m_spin_state = 3
[2018-12-24 14:55:50.282023][debug] DDD: Ouput vx =  0 vw = 0.0668325 spin_speed = 0
[2018-12-24 14:55:50.282023][debug] Goto Time = -1.824
[2018-12-24 14:55:50.282023][debug] [IMU][2.860595|1545634550277187968|0.014954|-0.333167|9.651660|0.002128|0.002128|0.076624|-29|-6|-1]
[2018-12-24 14:55:50.282023][debug] [Odometer][0|1545634550281662703|5.962115|-0.673251|2.989646|false|-0.000664|0.000000|0.063305|0.000000]
[2018-12-24 14:55:50.297623][debug] DDD: local_points_num = 378 global_points_num = 378
[2018-12-24 14:55:50.297623][debug] [Odometer][0|1545634550291610626|5.962115|-0.673251|2.990224|false|0.000000|0.000000|0.058025|0.000000]
[2018-12-24 14:55:50.297623][debug] [IMU][2.860595|1545634550299816355|0.020337|-0.324792|9.622949|0.000000|0.001064|0.064918|-29|-6|-1]
[2018-12-24 14:55:50.313224][debug] [Odometer][0|1545634550301642264|5.962115|-0.673251|2.990842|false|0.000000|0.000000|0.061651|0.000000]
[2018-12-24 14:55:50.313224][debug] DDD: task.parms_size = 1
[2018-12-24 14:55:50.313224][debug] [Get][0.000000|0.000000|0.066832|0.000000|0.500000|0.349066]
[2018-12-24 14:55:50.313224][debug] DDD: curdir_dist2goal = 0.00777362; delta_start_angle = 3.12426 delta_goal_angle =0.0173285; cur_dist2goal =0 m_near_ind 172 m_state = 3 total_size = 173 goal_vel = 0
[2018-12-24 14:55:50.313224][debug] [Send][0.000000|0.000000|0.047281|0.000000|0.500000|0.349066]
[2018-12-24 14:55:50.313224][debug] [Data][Time Cost|0.065000]
[2018-12-24 14:55:50.313224][debug] m_spin = false m_spin_state = 3
[2018-12-24 14:55:50.313224][debug] DDD: Ouput vx =  0 vw = 0.0472806 spin_speed = 0
[2018-12-24 14:55:50.313224][debug] Goto Time = -1.81
[2018-12-24 14:55:50.313224][debug] [Odometer][0|1545634550311776664|5.962115|-0.673251|2.991378|false|0.000000|0.000000|0.052889|0.000000]
[2018-12-24 14:55:50.328824][debug] DDD: local_points_num = 375 global_points_num = 377
[2018-12-24 14:55:50.328824][debug] [Odometer][0|1545634550321855116|5.962101|-0.673249|2.991914|false|0.001330|0.000000|0.053183|0.000000]
[2018-12-24 14:55:50.328824][debug] [IMU][2.862340|1545634550322496819|-0.041870|-0.256006|9.649268|0.001064|0.000000|0.056404|-29|-6|-1]
[2018-12-24 14:55:50.328824][debug] [Odometer][0|1545634550331973722|5.962108|-0.673250|2.992429|false|-0.000662|0.000000|0.050934|0.000000]
[2018-12-24 14:55:50.344424][debug] [Odometer][0|1545634550341325826|5.962029|-0.673238|2.992677|false|0.008600|0.000000|0.026452|0.000000]
[2018-12-24 14:55:50.344424][debug] [IMU][2.864085|1545634550345152355|-0.034094|-0.265576|9.627136|0.001064|-0.001064|0.054275|-29|-6|-1]
[2018-12-24 14:55:50.344424][debug] [Location][-769.911729|-83633.699663|88.284498|0.901753|0|0|0|0]
[2018-12-24 14:55:50.344424][debug] DDD: task.parms_size = 1
[2018-12-24 14:55:50.344424][debug] [Get][0.000000|0.000000|0.047281|0.000000|0.500000|0.349066]
[2018-12-24 14:55:50.344424][debug] DDD: curdir_dist2goal = 0.00764685; delta_start_angle = 3.12209 delta_goal_angle =0.0194998; cur_dist2goal =0 m_near_ind 172 m_state = 3 total_size = 173 goal_vel = 0
[2018-12-24 14:55:50.344424][debug] [Send][0.000000|0.000000|0.054615|0.000000|0.500000|0.349066]
[2018-12-24 14:55:50.344424][debug] [Data][Time Cost|0.063000]
[2018-12-24 14:55:50.344424][debug] m_spin = false m_spin_state = 3
[2018-12-24 14:55:50.344424][debug] DDD: Ouput vx =  0 vw = 0.0546152 spin_speed = 0
[2018-12-24 14:55:50.344424][debug] Goto Time = -14.714
[2018-12-24 14:55:50.360024][debug] DDD: local_points_num = 375 global_points_num = 377
[2018-12-24 14:55:50.360024][debug] [Odometer][0|1545634550352479684|5.962108|-0.673249|2.993419|false|-0.007210|0.000000|0.066538|0.000000]
[2018-12-24 14:55:50.360024][debug] [DO]: 0 0 1 0 1 1 0 0 0 0 1 1 1 1 1 1 
[2018-12-24 14:55:50.360024][debug] [DI]: 1 1 1 0 0 0 1 1 1 1 1 1 1 1 1 1 
[2018-12-24 14:55:50.360024][debug] [Controller][0.000000|0.000000|0.000000|false|false|false|false|false|false]
[2018-12-24 14:55:50.360024][debug] [Odometer][0|1545634550361581310|5.962035|-0.673239|2.993646|false|0.008100|0.000000|0.024915|0.000000]
[2018-12-24 14:55:50.375624][debug] DDD: task.parms_size = 1
[2018-12-24 14:55:50.375624][debug] [Get][0.000000|0.000000|0.054615|0.000000|0.500000|0.349066]
[2018-12-24 14:55:50.375624][debug] DDD: curdir_dist2goal = 0.00757441; delta_start_angle = 3.12257 delta_goal_angle =0.0190181; cur_dist2goal =0 m_near_ind 172 m_state = 3 total_size = 173 goal_vel = 0
[2018-12-24 14:55:50.375624][debug] [Send][0.000000|0.000000|0.053049|0.000000|0.500000|0.349066]
[2018-12-24 14:55:50.375624][debug] [Data][Time Cost|0.099000]
[2018-12-24 14:55:50.375624][debug] m_spin = false m_spin_state = 3
[2018-12-24 14:55:50.375624][debug] DDD: Ouput vx =  0 vw = 0.0530491 spin_speed = 0
[2018-12-24 14:55:50.375624][debug] Goto Time = -1.82
[2018-12-24 14:55:50.375624][debug] [IMU][2.865830|1545634550367830084|-0.002393|-0.296680|9.657642|-0.001064|-0.003193|0.048954|-29|-6|-1]
[2018-12-24 14:55:50.375624][debug] [Odometer][0|1545634550371764690|5.962108|-0.673249|2.993873|false|-0.007240|0.000000|0.022269|0.000000]
[2018-12-24 14:55:50.391224][debug] DDD: local_points_num = 380 global_points_num = 379
[2018-12-24 14:55:50.391224][debug] [Odometer][0|1545634550381925516|5.962101|-0.673248|2.994306|false|0.000660|0.000000|0.042607|0.000000]
[2018-12-24 14:55:50.391224][debug] [IMU][2.865830|1545634550390499813|-0.030505|-0.216528|9.643884|0.002128|0.000000|0.044697|-29|-6|-1]
[2018-12-24 14:55:50.391224][debug] [Odometer][0|1545634550391288200|5.962101|-0.673248|2.994759|false|0.000000|0.000000|0.048441|0.000000]
[2018-12-24 14:55:50.406824][debug] DDD: task.parms_size = 1
[2018-12-24 14:55:50.406824][debug] [Get][0.000000|0.000000|0.053049|0.000000|0.500000|0.349066]
[2018-12-24 14:55:50.406824][debug] DDD: curdir_dist2goal = 0.00765371; delta_start_angle = 3.12539 delta_goal_angle =0.0162059; cur_dist2goal =0 m_near_ind 172 m_state = 3 total_size = 173 goal_vel = 0
[2018-12-24 14:55:50.406824][debug] [Send][0.000000|0.000000|0.043161|0.000000|0.500000|0.349066]
[2018-12-24 14:55:50.406824][debug] [Data][Time Cost|0.070000]
[2018-12-24 14:55:50.406824][debug] m_spin = false m_spin_state = 3
[2018-12-24 14:55:50.406824][debug] DDD: Ouput vx =  0 vw = 0.043161 spin_speed = 0
[2018-12-24 14:55:50.406824][debug] Goto Time = -1.782
[2018-12-24 14:55:50.406824][debug] [Odometer][0|1545634550402439271|5.962015|-0.673236|2.995481|false|0.007813|0.000000|0.064706|0.000000]
[2018-12-24 14:55:50.422424][debug] [Odometer][0|1545634550411758703|5.962095|-0.673247|2.995728|false|-0.008630|0.000000|0.026545|0.000000]
[2018-12-24 14:55:50.422424][debug] DDD: local_points_num = 377 global_points_num = 384
[2018-12-24 14:55:50.422424][debug] [IMU][2.867576|1545634550413201697|-0.070581|-0.158508|9.635510|0.004257|0.001064|0.044697|-29|-6|-1]
[2018-12-24 14:55:50.422424][debug] [Odometer][0|1545634550421905335|5.962095|-0.673247|2.996181|false|0.000000|0.000000|0.044698|0.000000]
[2018-12-24 14:55:50.422424][debug] [Location][-770.950735|-83633.424101|88.648834|0.910179|0|0|0|0]
[2018-12-24 14:55:50.438024][debug] DDD: task.parms_size = 1
[2018-12-24 14:55:50.438024][debug] [Get][0.000000|0.000000|0.043161|0.000000|0.500000|0.349066]
[2018-12-24 14:55:50.438024][debug] DDD: curdir_dist2goal = 0.00770627; delta_start_angle = 3.1254 delta_goal_angle =0.0161966; cur_dist2goal =0 m_near_ind 172 m_state = 3 total_size = 173 goal_vel = 0
[2018-12-24 14:55:50.438024][debug] [Send][0.000000|0.000000|0.043126|0.000000|0.500000|0.349066]
[2018-12-24 14:55:50.438024][debug] [Data][Time Cost|0.068000]
[2018-12-24 14:55:50.438024][debug] m_spin = false m_spin_state = 3
[2018-12-24 14:55:50.438024][debug] DDD: Ouput vx =  0 vw = 0.0431258 spin_speed = 0
[2018-12-24 14:55:50.438024][debug] Goto Time = -1.768
[2018-12-24 14:55:50.438024][debug] [Odometer][0|1545634550434757155|5.962088|-0.673246|2.997109|false|0.000521|0.000000|0.072184|0.000000]
[2018-12-24 14:55:50.438024][debug] [IMU][2.867576|1545634550435911890|-0.056824|-0.143555|9.622351|0.002128|0.000000|0.048954|-29|-6|-1]
[2018-12-24 14:55:50.453624][debug] DDD: local_points_num = 378 global_points_num = 0
[2018-12-24 14:55:50.453624][debug] [Odometer][0|1545634550443292845|5.962008|-0.673235|2.997357|false|0.009422|0.000000|0.028982|0.000000]
[2018-12-24 14:55:50.453624][debug] [DO]: 0 0 1 0 1 1 0 0 0 0 1 1 1 1 1 1 
[2018-12-24 14:55:50.453624][debug] [DI]: 1 1 1 0 0 0 1 1 1 1 1 1 1 1 1 1 
[2018-12-24 14:55:50.453624][debug] [Controller][0.000000|0.000000|0.000000|false|false|false|false|false|false]
[2018-12-24 14:55:50.453624][debug] [Odometer][0|1545634550453508897|5.962015|-0.673236|2.997831|false|-0.000656|0.000000|0.046413|0.000000]
[2018-12-24 14:55:50.469224][debug] [IMU][2.869321|1545634550458529955|-0.037683|-0.211743|9.636108|0.000000|0.000000|0.048954|-29|-6|-1]
[2018-12-24 14:55:50.469224][debug] DDD: task.parms_size = 1
[2018-12-24 14:55:50.469224][debug] [Get][0.000000|0.000000|0.043126|0.000000|0.500000|0.349066]
[2018-12-24 14:55:50.469224][debug] DDD: curdir_dist2goal = 0.00758005; delta_start_angle = 3.12669 delta_goal_angle =0.014904; cur_dist2goal =0 m_near_ind 172 m_state = 3 total_size = 173 goal_vel = 0
[2018-12-24 14:55:50.469224][debug] [Send][0.000000|0.000000|0.037996|0.000000|0.500000|0.349066]
[2018-12-24 14:55:50.469224][debug] [Data][Time Cost|0.062000]
[2018-12-24 14:55:50.469224][debug] m_spin = false m_spin_state = 3
[2018-12-24 14:55:50.469224][debug] DDD: Ouput vx =  0 vw = 0.0379964 spin_speed = 0
[2018-12-24 14:55:50.469224][debug] Goto Time = -1.911
[2018-12-24 14:55:50.469224][debug] [Odometer][0|1545634550464448974|5.962075|-0.673244|2.998552|false|-0.005514|0.000000|0.065954|0.000000]
[2018-12-24 14:55:50.484824][debug] [Odometer][0|1545634550473763968|5.962002|-0.673234|2.998779|false|0.007914|0.000000|0.024345|0.000000]
[2018-12-24 14:55:50.484824][debug] DDD: local_points_num = 378 global_points_num = 378
[2018-12-24 14:55:50.484824][debug] [IMU][2.871067|1545634550481228226|-0.040076|-0.229688|9.640295|0.001064|-0.002128|0.046826|-29|-6|-1]
[2018-12-24 14:55:50.484824][debug] [Odometer][0|1545634550483743993|5.961995|-0.673233|2.999212|false|0.000672|0.000000|0.043379|0.000000]
[2018-12-24 14:55:50.500424][debug] DDD: task.parms_size = 1
[2018-12-24 14:55:50.500424][debug] [Get][0.000000|0.000000|0.037996|0.000000|0.500000|0.349066]
[2018-12-24 14:55:50.500424][debug] DDD: curdir_dist2goal = 0.00759946; delta_start_angle = 3.12745 delta_goal_angle =0.0141463; cur_dist2goal =0 m_near_ind 172 m_state = 3 total_size = 173 goal_vel = 0
[2018-12-24 14:55:50.500424][debug] [Send][0.000000|0.000000|0.034757|0.000000|0.500000|0.349066]
[2018-12-24 14:55:50.500424][debug] [Data][Time Cost|0.068000]
[2018-12-24 14:55:50.500424][debug] m_spin = false m_spin_state = 3
[2018-12-24 14:55:50.500424][debug] DDD: Ouput vx =  0 vw = 0.0347567 spin_speed = 0
[2018-12-24 14:55:50.500424][debug] Goto Time = -1.74
[2018-12-24 14:55:50.500424][debug] [Odometer][0|1545634550495643348|5.962068|-0.673243|2.999851|false|-0.006196|0.000000|0.053707|0.000000]
[2018-12-24 14:55:50.516024][debug] [IMU][2.871067|1545634550503935374|-0.028113|-0.284717|9.655249|0.001064|0.003193|0.043633|-29|-6|-1]
[2018-12-24 14:55:50.516024][debug] [Odometer][0|1545634550504970368|5.962055|-0.673242|3.000222|false|0.001437|0.000000|0.039785|0.000000]
[2018-12-24 14:55:50.516024][debug] DDD: local_points_num = 377 global_points_num = 378
[2018-12-24 14:55:50.516024][debug] [NetworkCmd][Status|1100|0|192.168.0.100|50828|true]
[2018-12-24 14:55:50.516024][debug] [Odometer][0|1545634550514320355|5.962002|-0.673234|3.000387|false|0.005734|0.000000|0.017639|0.000000]
[2018-12-24 14:55:50.531624][debug] [Location][-771.915137|-83633.004837|88.879408|0.904056|0|0|0|0]
[2018-12-24 14:55:50.531624][debug] DDD: task.parms_size = 1
[2018-12-24 14:55:50.531624][debug] [Get][0.000000|0.000000|0.034757|0.000000|0.500000|0.349066]
[2018-12-24 14:55:50.531624][debug] DDD: curdir_dist2goal = 0.00759439; delta_start_angle = 3.1285 delta_goal_angle =0.0130955; cur_dist2goal =0 m_near_ind 172 m_state = 3 total_size = 173 goal_vel = 0
[2018-12-24 14:55:50.531624][debug] [Send][0.000000|0.000000|0.029848|0.000000|0.500000|0.349066]
[2018-12-24 14:55:50.531624][debug] [Data][Time Cost|0.097000]
[2018-12-24 14:55:50.531624][debug] m_spin = false m_spin_state = 3
[2018-12-24 14:55:50.531624][debug] DDD: Ouput vx =  0 vw = 0.0298477 spin_speed = 0
[2018-12-24 14:55:50.531624][debug] Goto Time = -1.904
[2018-12-24 14:55:50.531624][debug] [Odometer][0|1545634550524775787|5.962002|-0.673234|3.000799|false|0.000000|0.000000|0.039435|0.000000]
[2018-12-24 14:55:50.531624][debug] [IMU][2.872812|1545634550526558393|-0.041272|-0.293091|9.655249|0.001064|-0.002128|0.039376|-29|-6|-1]
[2018-12-24 14:55:50.547224][debug] [Odometer][0|1545634550536488303|5.962055|-0.673241|3.001294|false|-0.004578|0.000000|0.042243|0.000000]
[2018-12-24 14:55:50.547224][debug] DDD: local_points_num = 380 global_points_num = 0
[2018-12-24 14:55:50.547224][debug] [Odometer][0|1545634550545747813|5.962061|-0.673242|3.001603|false|-0.000724|0.000000|0.033396|0.000000]
[2018-12-24 14:55:50.547224][debug] [IMU][2.872812|1545634550549239529|-0.001196|-0.297278|9.634314|0.001064|-0.001064|0.034055|-29|-6|-1]
[2018-12-24 14:55:50.562824][debug] DDD: task.parms_size = 1
[2018-12-24 14:55:50.562824][debug] [Get][0.000000|0.000000|0.029848|0.000000|0.500000|0.349066]
[2018-12-24 14:55:50.562824][debug] DDD: curdir_dist2goal = 0.00731076; delta_start_angle = 3.12971 delta_goal_angle =0.0118831; cur_dist2goal =0 m_near_ind 172 m_state = 3 total_size = 173 goal_vel = 0
[2018-12-24 14:55:50.562824][debug] [Send][0.000000|0.000000|0.023286|0.000000|0.500000|0.349066]
[2018-12-24 14:55:50.562824][debug] [Data][Time Cost|0.069000]
[2018-12-24 14:55:50.562824][debug] m_spin = false m_spin_state = 3
[2018-12-24 14:55:50.562824][debug] DDD: Ouput vx =  0 vw = 0.0232859 spin_speed = 0
[2018-12-24 14:55:50.562824][debug] Goto Time = -1.644
[2018-12-24 14:55:50.562824][debug] [DO]: 0 0 1 0 1 1 0 0 0 0 1 1 1 1 1 1 
[2018-12-24 14:55:50.562824][debug] [DI]: 1 1 1 0 0 0 1 1 1 1 1 1 1 1 1 1 
[2018-12-24 14:55:50.562824][debug] [Controller][0.000000|0.000000|0.000000|false|false|false|false|false|false]
[2018-12-24 14:55:50.562824][debug] [Odometer][0|1545634550558554935|5.962075|-0.673244|3.001892|false|-0.001047|0.000000|0.022536|0.000000]
[2018-12-24 14:55:50.578424][debug] [Odometer][0|1545634550567884845|5.962075|-0.673244|3.002139|false|0.000000|0.000000|0.026515|0.000000]
[2018-12-24 14:55:50.578424][debug] DDD: local_points_num = 377 global_points_num = 378
[2018-12-24 14:55:50.578424][debug] [IMU][2.874557|1545634550571943735|-0.014355|-0.279333|9.616370|0.001064|-0.004257|0.026606|-29|-6|-1]
[2018-12-24 14:55:50.578424][debug] [Odometer][0|1545634550578935064|5.962075|-0.673244|3.002387|false|0.000000|0.000000|0.022387|0.000000]
[2018-12-24 14:55:50.594024][debug] DDD: task.parms_size = 1
[2018-12-24 14:55:50.594024][debug] [Get][0.000000|0.000000|0.023286|0.000000|0.500000|0.349066]
[2018-12-24 14:55:50.594024][debug] DDD: curdir_dist2goal = 0.007333; delta_start_angle = 3.13001 delta_goal_angle =0.0115826; cur_dist2goal =0 m_near_ind 172 m_state = 3 total_size = 173 goal_vel = 0
[2018-12-24 14:55:50.594024][debug] [Send][0.000000|0.000000|0.021442|0.000000|0.500000|0.349066]
[2018-12-24 14:55:50.594024][debug] [Data][Time Cost|0.066000]
[2018-12-24 14:55:50.594024][debug] m_spin = false m_spin_state = 3
[2018-12-24 14:55:50.594024][debug] DDD: Ouput vx =  0 vw = 0.0214417 spin_speed = 0
[2018-12-24 14:55:50.594024][debug] Goto Time = -1.793
[2018-12-24 14:55:50.594024][debug] [Odometer][0|1545634550589174548|5.962088|-0.673246|3.002593|false|-0.001309|0.000000|0.020133|0.000000]
[2018-12-24 14:55:50.594024][debug] [IMU][2.874557|1545634550594631374|-0.028113|-0.279333|9.632520|0.001064|-0.001064|0.023413|-29|-6|-1]
[2018-12-24 14:55:50.609624][debug] [Odometer][0|1545634550598479529|5.962088|-0.673246|3.002799|false|0.000000|0.000000|0.022155|0.000000]
[2018-12-24 14:55:50.609624][debug] DDD: local_points_num = 375 global_points_num = 0
[2018-12-24 14:55:50.609624][debug] [Odometer][0|1545634550608547813|5.962088|-0.673246|3.003006|false|0.000000|0.000000|0.020476|0.000000]
[2018-12-24 14:55:50.609624][debug] [Location][-772.230495|-83632.375420|89.042260|0.893181|0|0|0|0]
[2018-12-24 14:55:50.625224][debug] DDD: task.parms_size = 1
[2018-12-24 14:55:50.625224][debug] [Get][0.000000|0.000000|0.021442|0.000000|0.500000|0.349066]
[2018-12-24 14:55:50.625224][debug] DDD: curdir_dist2goal = 0.00738453; delta_start_angle = 3.12982 delta_goal_angle =0.0117714; cur_dist2goal =0 m_near_ind 172 m_state = 3 total_size = 173 goal_vel = 0
[2018-12-24 14:55:50.625224][debug] [Send][0.000000|0.000000|0.022596|0.000000|0.500000|0.349066]
[2018-12-24 14:55:50.625224][debug] [Data][Time Cost|0.068000]
[2018-12-24 14:55:50.625224][debug] m_spin = false m_spin_state = 3
[2018-12-24 14:55:50.625224][debug] DDD: Ouput vx =  0 vw = 0.0225956 spin_speed = 0
[2018-12-24 14:55:50.625224][debug] Goto Time = -1.85
[2018-12-24 14:55:50.625224][debug] [IMU][2.874557|1545634550617260277|-0.028113|-0.238062|9.624744|0.002128|0.002128|0.018092|-29|-6|-1]
[2018-12-24 14:55:50.625224][debug] [Odometer][0|1545634550620393490|5.962088|-0.673246|3.003129|false|0.000000|0.000000|0.010442|0.000000]
[2018-12-24 14:55:50.640824][debug] [Odometer][0|1545634550629591013|5.962095|-0.673247|3.003315|false|-0.000729|0.000000|0.020173|0.000000]
[2018-12-24 14:55:50.640824][debug] DDD: local_points_num = 381 global_points_num = 375
[2018-12-24 14:55:50.640824][debug] [Laser][1545634550640824500|-90|90|1|-90|1048.58|-89|1.241|-88|1.195|-87|1048.58|-86|3.636|-85|3.654|-84|3.649|-83|3.62|-82|3.642|-81|3.663|-80|3.681|-79|3.694|-78|3.646|-77|3.59|-76|3.637|-75|3.632|-74|3.665|-73|3.784|-72|3.808|-71|3.815|-70|3.844|-69|3.812|-68|3.847|-67|3.617|-66|3.957|-65|3.986|-64|4.024|-63|4.05|-62|4.082|-61|4.113|-60|4.153|-59|4.202|-58|4.24|-57|4.29|-56|4.36|-55|4.386|-54|4.453|-53|4.032|-52|4.492|-51|4.488|-50|4.568|-49|4.619|-48|4.835|-47|4.91|-46|4.979|-45|5.075|-44|4.785|-43|5.253|-42|5.516|-41|5.614|-40|5.745|-39|5.865|-38|5.985|-37|7.023|-36|6.901|-35|6.784|-34|6.696|-33|6.666|-32|6.697|-31|6.891|-30|7.13|-29|7.333|-28|7.565|-27|7.822|-26|8.101|-25|8.39|-24|8.696|-23|9.046|-22|9.424|-21|9.834|-20|10.283|-19|10.008|-18|9.946|-17|9.961|-16|11.052|-15|10.821|-14|12.209|-13|10.806|-12|14.49|-11|15.762|-10|16.778|-9|1048.58|-8|20.506|-7|22.937|-6|26.452|-5|1048.58|-4|1048.58|-3|1048.58|-2|1048.58|-1|1048.58|0|11.672|1|1048.58|2|1048.58|3|11.779|4|1048.58|5|11.838|6|25.263|7|1048.58|8|16.315|9|16.347|10|16.532|11|19.614|12|19.756|13|12.088|14|20.138|15|7.845|16|7.439|17|7.481|18|7.516|19|7.55|20|7.59|21|12.544|22|17.255|23|1048.58|24|1048.58|25|27.623|26|1048.58|27|12.504|28|13.386|29|1048.58|30|19.574|31|15.337|32|1048.58|33|13.24|34|14.687|35|14.321|36|19.798|37|15.853|38|1048.58|39|15.743|40|15.369|41|14.782|42|19.768|43|22.651|44|1048.58|45|20.372|46|20.111|47|20.421|48|1048.58|49|24.25|50|23.905|51|23.528|52|23.171|53|22.862|54|22.568|55|1048.58|56|1048.58|57|12.908|58|13.279|59|21.266|60|21.063|61|20.833|62|20.976|63|20.686|64|20.557|65|18.76|66|18.79|67|19.766|68|18.475|69|18.995|70|19.339|71|19.207|72|19.465|73|19.272|74|19.184|75|19.092|76|18.69|77|16.847|78|16.744|79|16.672|80|16.667|81|16.536|82|16.464|83|16.415|84|16.391|85|16.349|86|16.33|87|16.315|88|16.31|89|18.122|90|16.363]
[2018-12-24 14:55:50.640824][debug] [Odometer][0|1545634550639796845|5.962088|-0.673246|3.003500|false|0.000657|0.000000|0.018180|0.000000]
[2018-12-24 14:55:50.640824][debug] [IMU][2.874557|1545634550640015735|-0.040674|-0.191406|9.616370|0.001064|0.000000|0.014899|-29|-6|-1]
[2018-12-24 14:55:50.656424][debug] DDD: task.parms_size = 1
[2018-12-24 14:55:50.656424][debug] [Get][0.000000|0.000000|0.022596|0.000000|0.500000|0.349066]
[2018-12-24 14:55:50.656424][debug] DDD: curdir_dist2goal = 0.00679788; delta_start_angle = 3.1311 delta_goal_angle =0.0104922; cur_dist2goal =0 m_near_ind 172 m_state = 3 total_size = 173 goal_vel = 0
[2018-12-24 14:55:50.656424][debug] [Send][0.000000|0.000000|0.013423|0.000000|0.500000|0.349066]
[2018-12-24 14:55:50.656424][debug] [Data][Time Cost|0.065000]
[2018-12-24 14:55:50.656424][debug] m_spin = false m_spin_state = 3
[2018-12-24 14:55:50.656424][debug] DDD: Ouput vx =  0 vw = 0.0134229 spin_speed = 0
[2018-12-24 14:55:50.656424][debug] Goto Time = -1.978
[2018-12-24 14:55:50.656424][debug] [Odometer][0|1545634550652359684|5.962095|-0.673247|3.003644|false|-0.000533|0.000000|0.011487|0.000000]
[2018-12-24 14:55:50.656424][debug] [DO]: 0 0 1 0 1 1 0 0 0 0 1 1 1 1 1 1 
[2018-12-24 14:55:50.656424][debug] [DI]: 1 1 1 0 0 0 1 1 1 1 1 1 1 1 1 1 
[2018-12-24 14:55:50.656424][debug] [Controller][0.000000|0.000000|0.000000|false|false|false|false|false|false]
[2018-12-24 14:55:50.672024][debug] DDD: local_points_num = 376 global_points_num = 0
[2018-12-24 14:55:50.672024][debug] [Odometer][0|1545634550661577593|5.962081|-0.673245|3.003809|false|0.001454|0.000000|0.017892|0.000000]
[2018-12-24 14:55:50.672024][debug] [IMU][2.876303|1545634550662619090|-0.054431|-0.174658|9.652258|-0.001064|-0.001064|0.017028|-29|-6|-1]
[2018-12-24 14:55:50.672024][debug] [Odometer][0|1545634550671648097|5.962081|-0.673245|3.004016|false|0.000000|0.000000|0.020471|0.000000]
[2018-12-24 14:55:50.687624][debug] [Odometer][0|1545634550681733361|5.962081|-0.673245|3.004181|false|0.000000|0.000000|0.016353|0.000000]
[2018-12-24 14:55:50.687624][debug] [IMU][2.876303|1545634550685286600|-0.080750|-0.193201|9.665417|0.000000|-0.002128|0.019156|-29|-6|-1]
[2018-12-24 14:55:50.687624][debug] [Location][-772.730900|-83632.419180|89.178290|0.907268|0|0|0|0]
[2018-12-24 14:55:50.687624][debug] DDD: task.parms_size = 1
[2018-12-24 14:55:50.687624][debug] [Get][0.000000|0.000000|0.013423|0.000000|0.500000|0.349066]
[2018-12-24 14:55:50.687624][debug] DDD: curdir_dist2goal = 0.00670246; delta_start_angle = 3.12931 delta_goal_angle =0.0122823; cur_dist2goal =0 m_near_ind 172 m_state = 3 total_size = 173 goal_vel = 0
[2018-12-24 14:55:50.687624][debug] [Send][0.000000|0.000000|0.025600|0.000000|0.500000|0.349066]
[2018-12-24 14:55:50.687624][debug] [Data][Time Cost|0.064000]
[2018-12-24 14:55:50.687624][debug] m_spin = false m_spin_state = 3
[2018-12-24 14:55:50.687624][debug] DDD: Ouput vx =  0 vw = 0.0255997 spin_speed = 0
[2018-12-24 14:55:50.687624][debug] Goto Time = -14.238
[2018-12-24 14:55:50.703224][debug] [Odometer][0|1545634550691791426|5.962075|-0.673244|3.004366|false|0.000666|0.000000|0.018447|0.000000]
[2018-12-24 14:55:50.703224][debug] DDD: local_points_num = 376 global_points_num = 381
[2018-12-24 14:55:50.703224][debug] [Odometer][0|1545634550701907658|5.962075|-0.673244|3.004490|false|0.000000|0.000000|0.012227|0.000000]
[2018-12-24 14:55:50.718824][debug] [IMU][2.876303|1545634550707998187|-0.067590|-0.206958|9.628931|0.002128|0.002128|0.018092|-29|-6|-1]
[2018-12-24 14:55:50.718824][debug] DDD: task.parms_size = 1
[2018-12-24 14:55:50.718824][debug] [Get][0.000000|0.000000|0.025600|0.000000|0.500000|0.349066]
[2018-12-24 14:55:50.718824][debug] DDD: curdir_dist2goal = 0.00689992; delta_start_angle = 3.13237 delta_goal_angle =0.00922144; cur_dist2goal =0 m_near_ind 172 m_state = 3 total_size = 173 goal_vel = 0
[2018-12-24 14:55:50.718824][debug] [Send][0.000000|0.000000|0.001925|0.000000|0.500000|0.349066]
[2018-12-24 14:55:50.718824][debug] [Data][Time Cost|0.063000]
[2018-12-24 14:55:50.718824][debug] m_spin = false m_spin_state = 3
[2018-12-24 14:55:50.718824][debug] DDD: Ouput vx =  0 vw = 0.00192465 spin_speed = 0
[2018-12-24 14:55:50.718824][debug] Goto Time = -1.907
[2018-12-24 14:55:50.718824][debug] [Odometer][0|1545634550712328303|5.962068|-0.673243|3.004675|false|0.000643|0.000000|0.017805|0.000000]
[2018-12-24 14:55:50.718824][debug] [Odometer][0|1545634550721359993|5.962068|-0.673243|3.004882|false|0.000000|0.000000|0.022826|0.000000]
[2018-12-24 14:55:50.734424][debug] DDD: local_points_num = 376 global_points_num = 377
[2018-12-24 14:55:50.734424][debug] [IMU][2.876303|1545634550730668329|-0.069983|-0.197388|9.640295|0.000000|-0.001064|0.013835|-29|-6|-1]
[2018-12-24 14:55:50.734424][debug] [Odometer][0|1545634550731458058|5.962068|-0.673243|3.005005|false|0.000000|0.000000|0.012249|0.000000]
[2018-12-24 14:55:50.750024][debug] DDD: task.parms_size = 1
[2018-12-24 14:55:50.750024][debug] [Get][0.000000|0.000000|0.001925|0.000000|0.500000|0.349066]
[2018-12-24 14:55:50.750024][debug] DDD: curdir_dist2goal = 0.00671412; delta_start_angle = 3.12919 delta_goal_angle =0.0124005; cur_dist2goal =0 m_near_ind 172 m_state = 3 total_size = 173 goal_vel = 0
[2018-12-24 14:55:50.750024][debug] [Send][0.000000|0.000000|0.017633|0.000000|0.500000|0.349066]
[2018-12-24 14:55:50.750024][debug] [Data][Time Cost|0.066000]
[2018-12-24 14:55:50.750024][debug] m_spin = false m_spin_state = 3
[2018-12-24 14:55:50.750024][debug] DDD: Ouput vx =  0 vw = 0.0176326 spin_speed = 0
[2018-12-24 14:55:50.750024][debug] Goto Time = -1.765
[2018-12-24 14:55:50.750024][debug] [Odometer][0|1545634550741540742|5.962081|-0.673245|3.005129|false|-0.001329|0.000000|0.012268|0.000000]
[2018-12-24 14:55:50.750024][debug] [Odometer][0|1545634550751678961|5.962075|-0.673244|3.005273|false|0.000661|0.000000|0.014234|0.000000]
[2018-12-24 14:55:50.750024][debug] [DO]: 0 0 1 0 1 1 0 0 0 0 1 1 1 1 1 1 
[2018-12-24 14:55:50.750024][debug] [DI]: 1 1 1 0 0 0 1 1 1 1 1 1 1 1 1 1 
[2018-12-24 14:55:50.765624][debug] [Controller][0.000000|0.000000|0.000000|false|false|false|false|false|false]
[2018-12-24 14:55:50.765624][debug] [IMU][2.876303|1545634550753458935|-0.017346|-0.243445|9.628931|0.000000|0.001064|0.017028|-29|-6|-1]
[2018-12-24 14:55:50.765624][debug] DDD: local_points_num = 375 global_points_num = 377
[2018-12-24 14:55:50.765624][debug] [Odometer][0|1545634550761771452|5.962081|-0.673245|3.005376|false|-0.000664|0.000000|0.010213|0.000000]
[2018-12-24 14:55:50.765624][debug] [Battery][0.577833|-1.166000|47.466999|false|24.000000|0]
[2018-12-24 14:55:50.765624][debug] [Location][-773.782582|-83632.170204|89.220002|0.907546|0|0|0|0]
[2018-12-24 14:55:50.781224][debug] DDD: task.parms_size = 1
[2018-12-24 14:55:50.781224][debug] [Get][0.000000|0.000000|0.017633|0.000000|0.500000|0.349066]
[2018-12-24 14:55:50.781224][debug] DDD: curdir_dist2goal = 0.00689095; delta_start_angle = 3.13249 delta_goal_angle =0.00910518; cur_dist2goal =0 m_near_ind 172 m_state = 3 total_size = 173 goal_vel = 0
[2018-12-24 14:55:50.781224][debug] [Send][0.000000|0.000000|0.001701|0.000000|0.500000|0.349066]
[2018-12-24 14:55:50.781224][debug] [Data][Time Cost|0.069000]
[2018-12-24 14:55:50.781224][debug] m_spin = false m_spin_state = 3
[2018-12-24 14:55:50.781224][debug] DDD: Ouput vx =  0 vw = 0.00170078 spin_speed = 0
[2018-12-24 14:55:50.781224][debug] Goto Time = -1.885
[2018-12-24 14:55:50.781224][debug] [Odometer][0|1545634550771845877|5.962081|-0.673245|3.005500|false|0.000000|0.000000|0.012278|0.000000]
[2018-12-24 14:55:50.781224][debug] [IMU][2.876303|1545634550776016045|-0.026318|-0.264380|9.600818|0.001064|0.001064|0.009578|-29|-6|-1]
[2018-12-24 14:55:50.781224][debug] [Odometer][0|1545634550781303581|5.962081|-0.673245|3.005583|false|0.000000|0.000000|0.008719|0.000000]
[2018-12-24 14:55:50.796824][debug] DDD: local_points_num = 375 global_points_num = 0
[2018-12-24 14:55:50.796824][debug] [Odometer][0|1545634550791341103|5.962081|-0.673245|3.005624|false|0.000000|0.000000|0.004108|0.000000]
[2018-12-24 14:55:50.796824][debug] [IMU][2.878047|1545634550798683658|-0.040674|-0.225500|9.629529|-0.001064|-0.001064|0.007450|-29|-6|-1]
[2018-12-24 14:55:50.812424][debug] [Odometer][0|1545634550801372587|5.962081|-0.673245|3.005706|false|0.000000|0.000000|0.008220|0.000000]
[2018-12-24 14:55:50.812424][debug] DDD: task.parms_size = 1
[2018-12-24 14:55:50.812424][debug] [Get][0.000000|0.000000|0.001701|0.000000|0.500000|0.349066]
[2018-12-24 14:55:50.812424][debug] DDD: curdir_dist2goal = 0.0064439; delta_start_angle = 3.12836 delta_goal_angle =0.0132359; cur_dist2goal =0 m_near_ind 172 m_state = 3 total_size = 173 goal_vel = 0
[2018-12-24 14:55:50.812424][debug] [Send][0.000000|0.000000|0.017409|0.000000|0.500000|0.349066]
[2018-12-24 14:55:50.812424][debug] [Data][Time Cost|0.063000]
[2018-12-24 14:55:50.812424][debug] m_spin = false m_spin_state = 3
[2018-12-24 14:55:50.812424][debug] DDD: Ouput vx =  0 vw = 0.0174087 spin_speed = 0
[2018-12-24 14:55:50.812424][debug] Goto Time = -2.046
[2018-12-24 14:55:50.812424][debug] [Odometer][0|1545634550811531710|5.962081|-0.673245|3.005748|false|0.000000|0.000000|0.004058|0.000000]
[2018-12-24 14:55:50.828024][debug] DDD: local_points_num = 378 global_points_num = 375
[2018-12-24 14:55:50.828024][debug] [IMU][2.878047|1545634550821355193|-0.034692|-0.242249|9.648071|0.001064|0.000000|0.005321|-29|-6|-1]
[2018-12-24 14:55:50.828024][debug] [Odometer][0|1545634550821635090|5.962081|-0.673245|3.005789|false|0.000000|0.000000|0.004081|0.000000]
[2018-12-24 14:55:50.843624][debug] [Odometer][0|1545634550831645619|5.962081|-0.673245|3.005830|false|0.000000|0.000000|0.004119|0.000000]
[2018-12-24 14:55:50.843624][debug] DDD: task.parms_size = 1
[2018-12-24 14:55:50.843624][debug] [Get][0.000000|0.000000|0.017409|0.000000|0.500000|0.349066]
[2018-12-24 14:55:50.843624][debug] DDD: curdir_dist2goal = 0.00662211; delta_start_angle = 3.13151 delta_goal_angle =0.01008; cur_dist2goal =0 m_near_ind 172 m_state = 3 total_size = 173 goal_vel = 0
[2018-12-24 14:55:50.843624][debug] [Send][0.000000|0.000000|0.009331|0.000000|0.500000|0.349066]
[2018-12-24 14:55:50.843624][debug] [Data][Time Cost|0.098000]
[2018-12-24 14:55:50.843624][debug] m_spin = false m_spin_state = 3
[2018-12-24 14:55:50.843624][debug] DDD: Ouput vx =  0 vw = 0.00933065 spin_speed = 0
[2018-12-24 14:55:50.843624][debug] Goto Time = -1.789
[2018-12-24 14:55:50.843624][debug] [Odometer][0|1545634550841792561|5.962081|-0.673245|3.005954|false|0.000000|0.000000|0.012190|0.000000]
[2018-12-24 14:55:50.843624][debug] [IMU][2.878047|1545634550843983426|-0.064001|-0.175854|9.641492|0.001064|0.000000|0.002128|-29|-6|-1]
[2018-12-24 14:55:50.859224][debug] [Odometer][0|1545634550851890987|5.962075|-0.673244|3.006016|false|0.000664|0.000000|0.006124|0.000000]
[2018-12-24 14:55:50.859224][debug] [DO]: 0 0 1 0 1 1 0 0 0 0 1 1 1 1 1 1 
[2018-12-24 14:55:50.859224][debug] [DI]: 1 1 1 0 0 0 1 1 1 1 1 1 1 1 1 1 
[2018-12-24 14:55:50.859224][debug] [Controller][0.000000|0.000000|0.000000|false|false|false|false|false|false]
[2018-12-24 14:55:50.859224][debug] [Odometer][0|1545634550861935064|5.962068|-0.673244|3.006119|false|0.000667|0.000000|0.010262|0.000000]
[2018-12-24 14:55:50.874824][debug] DDD: task.parms_size = 1
[2018-12-24 14:55:50.874824][debug] [Get][0.000000|0.000000|0.009331|0.000000|0.500000|0.349066]
[2018-12-24 14:55:50.874824][debug] DDD: curdir_dist2goal = 0.00659461; delta_start_angle = 3.13102 delta_goal_angle =0.0105774; cur_dist2goal =0 m_near_ind 172 m_state = 3 total_size = 173 goal_vel = 0
[2018-12-24 14:55:50.874824][debug] [Send][0.000000|0.000000|0.014121|0.000000|0.500000|0.349066]
[2018-12-24 14:55:50.874824][debug] [Data][Time Cost|0.067000]
[2018-12-24 14:55:50.874824][debug] m_spin = false m_spin_state = 3
[2018-12-24 14:55:50.874824][debug] DDD: Ouput vx =  0 vw = 0.0141209 spin_speed = 0
[2018-12-24 14:55:50.874824][debug] Goto Time = -1.701
[2018-12-24 14:55:50.874824][debug] [IMU][2.878047|1545634550866692071|-0.115442|-0.126807|9.636707|0.001064|-0.001064|0.005321|-29|-6|-1]
[2018-12-24 14:55:50.874824][debug] [Odometer][0|1545634550871321955|5.962075|-0.673244|3.006222|false|-0.000714|0.000000|0.010981|0.000000]
[2018-12-24 14:55:50.890425][debug] [Odometer][0|1545634550882113129|5.962068|-0.673244|3.006366|false|0.000621|0.000000|0.013373|0.000000]
[2018-12-24 14:55:50.890425][debug] [IMU][2.878047|1545634550889365052|-0.076563|-0.140564|9.615173|0.000000|0.002128|0.010642|-29|-6|-1]
[2018-12-24 14:55:50.890425][debug] [Odometer][0|1545634550891242316|5.962075|-0.673244|3.006469|false|-0.000734|0.000000|0.011291|0.000000]
[2018-12-24 14:55:50.906025][debug] DDD: task.parms_size = 1
[2018-12-24 14:55:50.906025][debug] [Get][0.000000|0.000000|0.014121|0.000000|0.500000|0.349066]
[2018-12-24 14:55:50.906025][debug] DDD: curdir_dist2goal = 0.00664758; delta_start_angle = 3.13197 delta_goal_angle =0.00961931; cur_dist2goal =0 m_near_ind 172 m_state = 3 total_size = 173 goal_vel = 0
[2018-12-24 14:55:50.906025][debug] [Send][0.000000|0.000000|0.002546|0.000000|0.500000|0.349066]
[2018-12-24 14:55:50.906025][debug] [Data][Time Cost|0.065000]
[2018-12-24 14:55:50.906025][debug] m_spin = false m_spin_state = 3
[2018-12-24 14:55:50.906025][debug] DDD: Ouput vx =  0 vw = 0.00254597 spin_speed = 0
[2018-12-24 14:55:50.906025][debug] Goto Time = -1.672
[2018-12-24 14:55:50.906025][debug] [Odometer][0|1545634550901361232|5.962075|-0.673244|3.006675|false|0.000000|0.000000|0.020373|0.000000]
[2018-12-24 14:55:50.921625][debug] [Odometer][0|1545634550911356277|5.962068|-0.673244|3.006819|false|0.000671|0.000000|0.014438|0.000000]
[2018-12-24 14:55:50.921625][debug] DDD: local_points_num = 378 global_points_num = 378
[2018-12-24 14:55:50.921625][debug] [IMU][2.878047|1545634550911988329|-0.064600|-0.171069|9.648669|0.000000|0.001064|0.012771|-29|-6|-1]
[2018-12-24 14:55:50.921625][debug] [Location][-773.931071|-83631.701052|89.377089|0.895020|0|0|0|0]
[2018-12-24 14:55:50.921625][debug] [Odometer][0|1545634550922109826|5.962081|-0.673245|3.006943|false|-0.001246|0.000000|0.011502|0.000000]
[2018-12-24 14:55:50.937225][debug] DDD: task.parms_size = 1
[2018-12-24 14:55:50.937225][debug] [Get][0.000000|0.000000|0.002546|0.000000|0.500000|0.349066]
[2018-12-24 14:55:50.937225][debug] DDD: curdir_dist2goal = 0.00651958; delta_start_angle = 3.12966 delta_goal_angle =0.0119343; cur_dist2goal =0 m_near_ind 172 m_state = 3 total_size = 173 goal_vel = 0
[2018-12-24 14:55:50.937225][debug] [Send][0.000000|0.000000|0.018254|0.000000|0.500000|0.349066]
[2018-12-24 14:55:50.937225][debug] [Data][Time Cost|0.067000]
[2018-12-24 14:55:50.937225][debug] m_spin = false m_spin_state = 3
[2018-12-24 14:55:50.937225][debug] DDD: Ouput vx =  0 vw = 0.0182539 spin_speed = 0
[2018-12-24 14:55:50.937225][debug] Goto Time = -1.741
[2018-12-24 14:55:50.937225][debug] [Odometer][0|1545634550933010368|5.962068|-0.673244|3.007067|false|0.001230|0.000000|0.011347|0.000000]
[2018-12-24 14:55:50.937225][debug] [IMU][2.878047|1545634550934697077|-0.047852|-0.253613|9.619360|0.001064|0.002128|0.018092|-29|-6|-1]
[2018-12-24 14:55:50.952825][debug] [Odometer][0|1545634550942304664|5.962081|-0.673245|3.007190|false|-0.001442|0.000000|0.013308|0.000000]
[2018-12-24 14:55:50.952825][debug] DDD: local_points_num = 380 global_points_num = 379
[2018-12-24 14:55:50.952825][debug] [Odometer][0|1545634550952240613|5.962075|-0.673244|3.007335|false|0.000675|0.000000|0.014524|0.000000]
[2018-12-24 14:55:50.952825][debug] [DO]: 0 0 1 0 1 1 0 0 0 0 1 1 1 1 1 1 
[2018-12-24 14:55:50.952825][debug] [DI]: 1 1 1 0 0 0 1 1 1 1 1 1 1 1 1 1 
[2018-12-24 14:55:50.952825][debug] [Controller][0.000000|0.000000|0.000000|false|false|false|false|false|false]
[2018-12-24 14:55:50.968425][debug] [IMU][2.878047|1545634550957317000|-0.015552|-0.284717|9.634912|0.001064|0.001064|0.012771|-29|-6|-1]
[2018-12-24 14:55:50.968425][debug] DDD: task.parms_size = 1
[2018-12-24 14:55:50.968425][debug] [Get][0.000000|0.000000|0.018254|0.000000|0.500000|0.349066]
[2018-12-24 14:55:50.968425][debug] DDD: curdir_dist2goal = 0.00632967; delta_start_angle = 3.13496 delta_goal_angle =0.00663539; cur_dist2goal =0 m_near_ind 172 m_state = 3 total_size = 173 goal_vel = 0
[2018-12-24 14:55:50.968425][debug] [DATA][xy_error|double|0.055474|theta_error|double|0.006635]
[2018-12-24 14:55:50.968425][debug] [Send][0.000000|0.000000|0.000000|0.000000|0.500000|0.349066]
[2018-12-24 14:55:50.968425][debug] [Data][Time Cost|0.082000]
[2018-12-24 14:55:50.968425][debug] m_spin = false m_spin_state = 3
[2018-12-24 14:55:50.968425][debug] DDD: Ouput vx =  0 vw = 0 spin_speed = 0
[2018-12-24 14:55:50.968425][error] [Alarm][Error|52600|精度误差过大(xy)：0.0554745|1]
[2018-12-24 14:55:50.968425][debug] [Odometer][0|1545634550964764535|5.962081|-0.673245|3.007438|false|-0.000535|0.000000|0.008230|0.000000]
[2018-12-24 14:55:50.968425][debug] Goto Time = -8.353
[2018-12-24 14:55:50.984025][debug] DDD: local_points_num = 382 global_points_num = 0
[2018-12-24 14:55:50.984025][debug] [Odometer][0|1545634550974790342|5.962068|-0.673244|3.007520|false|0.001337|0.000000|0.008225|0.000000]
[2018-12-24 14:55:50.984025][debug] [IMU][2.879793|1545634550980006497|-0.041272|-0.232080|9.630127|-0.002128|0.001064|0.009578|-29|-6|-1]
[2018-12-24 14:55:50.984025][debug] [Odometer][0|1545634550984739193|5.962081|-0.673245|3.007603|false|-0.001347|0.000000|0.008289|0.000000]
[2018-12-24 14:55:50.999625][debug] [Odometer][0|1545634550994786264|5.962075|-0.673244|3.007664|false|0.000667|0.000000|0.006156|0.000000]
[2018-12-24 14:55:50.999625][debug] [Location][-773.792900|-83631.019916|89.421192|0.893867|0|0|0|0]
[2018-12-24 14:55:50.999625][debug] [IMU][2.879793|1545634551002688148|-0.020337|-0.250623|9.647473|0.001064|-0.001064|0.007450|-29|-6|-1]
[2018-12-24 14:55:51.015225][debug] [Odometer][0|1545634551004824664|5.962068|-0.673244|3.007726|false|0.000668|0.000000|0.006161|0.000000]
[2018-12-24 14:55:51.015225][debug] DDD: local_points_num = 382 global_points_num = 380
[2018-12-24 14:55:51.015225][debug] [Odometer][0|1545634551014781516|5.962068|-0.673244|3.007726|false|0.000000|0.000000|0.000000|0.000000]
[2018-12-24 14:55:51.030825][debug] [IMU][2.879793|1545634551025361593|-0.043665|-0.265576|9.633716|0.001064|0.002128|0.004257|-29|-6|-1]
[2018-12-24 14:55:51.030825][debug] [Odometer][0|1545634551025652019|5.962068|-0.673244|3.007726|false|0.000000|0.000000|0.000000|0.000000]
[2018-12-24 14:55:51.046425][warning] [Text][update hostErrorState to true]
[2018-12-24 14:55:51.046425][debug] [Odometer][0|1545634551034852329|5.962068|-0.673244|3.007726|false|0.000000|0.000000|0.000000|0.000000]
[2018-12-24 14:55:51.046425][debug] DDD: local_points_num = 381 global_points_num = 383
[2018-12-24 14:55:51.046425][debug] [Odometer][0|1545634551044813155|5.962068|-0.673244|3.007726|false|0.000000|0.000000|0.000000|0.000000]
[2018-12-24 14:55:51.046425][debug] [IMU][2.879793|1545634551047963761|-0.061609|-0.233276|9.608594|0.000000|-0.003193|-0.001064|-29|-6|-1]
[2018-12-24 14:55:51.062025][debug] [DO]: 0 0 1 0 1 1 0 0 0 0 1 1 1 1 1 1 
[2018-12-24 14:55:51.062025][debug] [DI]: 1 1 1 0 0 0 1 1 1 1 1 1 1 1 1 1 
[2018-12-24 14:55:51.062025][debug] [Controller][0.000000|0.000000|0.000000|false|false|false|false|false|false]
[2018-12-24 14:55:51.062025][debug] [Odometer][0|1545634551055705232|5.962068|-0.673244|3.007726|false|0.000000|0.000000|0.000000|0.000000]
[2018-12-24 14:55:51.077625][debug] [Odometer][0|1545634551065718393|5.962068|-0.673244|3.007726|false|0.000000|0.000000|0.000000|0.000000]
[2018-12-24 14:55:51.077625][debug] DDD: local_points_num = 382 global_points_num = 0
[2018-12-24 14:55:51.077625][debug] [IMU][2.879793|1545634551070627761|-0.087927|-0.160901|9.614575|0.001064|0.000000|-0.001064|-29|-6|-1]
[2018-12-24 14:55:51.077625][debug] [Odometer][0|1545634551075679064|5.962068|-0.673244|3.007726|false|0.000000|0.000000|0.000000|0.000000]
[2018-12-24 14:55:51.077625][debug] [Location][-774.012709|-83631.200923|89.551396|0.901485|0|0|0|0]
[2018-12-24 14:55:51.093225][debug] [Odometer][0|1545634551086580690|5.962068|-0.673244|3.007726|false|0.000000|0.000000|0.000000|0.000000]
[2018-12-24 14:55:51.093225][debug] [IMU][2.879793|1545634551093318032|-0.033496|-0.205762|9.640894|0.000000|-0.001064|0.001064|-29|-6|-1]
[2018-12-24 14:55:51.093225][debug] [Odometer][0|1545634551095761387|5.962068|-0.673244|3.007726|false|0.000000|0.000000|0.000000|0.000000]
[2018-12-24 14:55:51.108825][debug] [Odometer][0|1545634551105746832|5.962068|-0.673244|3.007726|false|0.000000|0.000000|0.000000|0.000000]
[2018-12-24 14:55:51.124425][debug] [IMU][2.879793|1545634551115949000|-0.056824|-0.183032|9.651062|0.002128|-0.002128|-0.001064|-29|-6|-1]
[2018-12-24 14:55:51.124425][debug] [Odometer][0|1545634551118285568|5.962068|-0.673244|3.007726|false|0.000000|0.000000|0.000000|0.000000]
[2018-12-24 14:55:51.140025][debug] [Odometer][0|1545634551128300587|5.962068|-0.673244|3.007726|false|0.000000|0.000000|0.000000|0.000000]
[2018-12-24 14:55:51.140025][debug] [Odometer][0|1545634551138343116|5.962068|-0.673244|3.007726|false|0.000000|0.000000|0.000000|0.000000]
[2018-12-24 14:55:51.140025][debug] [IMU][2.879793|1545634551138552974|-0.053235|-0.210547|9.631323|-0.001064|0.001064|0.001064|-29|-6|-1]
[2018-12-24 14:55:51.155625][debug] [Odometer][0|1545634551149219193|5.962068|-0.673244|3.007726|false|0.000000|0.000000|0.000000|0.000000]
[2018-12-24 14:55:51.155625][debug] [DO]: 0 0 1 0 1 1 0 0 0 0 1 1 1 1 1 1 
[2018-12-24 14:55:51.155625][debug] [DI]: 1 1 1 0 0 0 1 1 1 1 1 1 1 1 1 1 
[2018-12-24 14:55:51.155625][debug] [Controller][0.000000|0.000000|0.000000|false|false|false|false|false|false]
[2018-12-24 14:55:51.155625][debug] [Odometer][0|1545634551158395193|5.962068|-0.673244|3.007726|false|0.000000|0.000000|0.000000|0.000000]
[2018-12-24 14:55:51.171225][debug] [IMU][2.879793|1545634551161167581|-0.057422|-0.191406|9.639697|0.001064|0.001064|-0.001064|-29|-6|-1]
[2018-12-24 14:55:51.171225][debug] [Odometer][0|1545634551168343116|5.962068|-0.673244|3.007726|false|0.000000|0.000000|0.000000|0.000000]
[2018-12-24 14:55:51.171225][debug] [Laser][1545634551171225500|-90|90|1|-90|1.222|-89|1.197|-88|1.199|-87|3.648|-86|3.643|-85|3.652|-84|3.636|-83|3.281|-82|3.671|-81|3.683|-80|3.687|-79|3.703|-78|3.606|-77|3.608|-76|3.618|-75|3.65|-74|3.665|-73|3.801|-72|3.802|-71|3.828|-70|3.868|-69|3.86|-68|3.599|-67|3.937|-66|3.961|-65|4.001|-64|4.026|-63|4.058|-62|4.104|-61|4.14|-60|4.172|-59|4.218|-58|4.254|-57|4.32|-56|4.326|-55|4.427|-54|4.458|-53|4.198|-52|4.494|-51|4.506|-50|4.592|-49|4.776|-48|4.871|-47|4.899|-46|5.014|-45|5.095|-44|4.66|-43|5.404|-42|5.561|-41|5.658|-40|5.784|-39|5.905|-38|7.115|-37|6.976|-36|6.863|-35|6.753|-34|6.743|-33|6.68|-32|6.79|-31|7.004|-30|7.2|-29|7.427|-28|7.668|-27|7.923|-26|8.212|-25|8.494|-24|8.828|-23|9.174|-22|9.559|-21|10.004|-20|10.07|-19|10.002|-18|9.934|-17|10.194|-16|11.037|-15|10.848|-14|10.788|-13|13.347|-12|14.541|-11|15.764|-10|1048.58|-9|19.236|-8|21.634|-7|1048.58|-6|27.501|-5|1048.58|-4|1048.58|-3|1048.58|-2|29.525|-1|1048.58|0|1048.58|1|1048.58|2|1048.58|3|1048.58|4|1048.58|5|25.243|6|12.906|7|1048.58|8|16.31|9|16.372|10|19.553|11|19.674|12|12.557|13|12.388|14|20.257|15|7.675|16|7.448|17|7.492|18|7.528|19|7.577|20|7.625|21|12.732|22|1048.58|23|1048.58|24|23.57|25|1048.58|26|12.523|27|13.681|28|13.292|29|1048.58|30|23.709|31|15.281|32|1048.58|33|14.721|34|14.304|35|14.232|36|20.077|37|15.838|38|1048.58|39|15.613|40|14.753|41|19.492|42|19.897|43|22.481|44|21.698|45|20.292|46|20.042|47|20.573|48|24.483|49|24.112|50|23.739|51|23.402|52|23.063|53|22.765|54|22.493|55|1048.58|56|13.013|57|13.051|58|13.407|59|13.447|60|20.964|61|20.887|62|20.791|63|20.621|64|20.507|65|18.795|66|19.387|67|19.733|68|18.387|69|19.431|70|19.293|71|19.161|72|19.384|73|19.245|74|19.167|75|19.057|76|16.799|77|16.801|78|18.52|79|16.676|80|16.48|81|16.508|82|18.324|83|16.388|84|16.293|85|16.351|86|16.338|87|16.307|88|16.307|89|18.107|90|16.355]
[2018-12-24 14:55:51.186825][debug] DDD: local_points_num = 380 global_points_num = 381
[2018-12-24 14:55:51.186825][debug] [NetworkCmd][Status|1100|0|192.168.0.100|50828|true]
[2018-12-24 14:55:51.186825][debug] [Odometer][0|1545634551180927942|5.962068|-0.673244|3.007726|false|0.000000|0.000000|0.000000|0.000000]
[2018-12-24 14:55:51.186825][debug] [IMU][2.879793|1545634551183854858|-0.050244|-0.177051|9.639697|0.000000|-0.001064|0.000000|-29|-6|-1]
[2018-12-24 14:55:51.202425][debug] [Odometer][0|1545634551190904716|5.962068|-0.673244|3.007726|false|0.000000|0.000000|0.000000|0.000000]
[2018-12-24 14:55:51.202425][debug] [Odometer][0|1545634551201225852|5.962068|-0.673244|3.007726|false|0.000000|0.000000|0.000000|0.000000]
[2018-12-24 14:55:51.218025][debug] [IMU][2.879793|1545634551206481077|-0.052039|-0.199780|9.616968|-0.002128|-0.001064|0.000000|-29|-6|-1]
[2018-12-24 14:55:51.218025][debug] DDD: local_points_num = 383 global_points_num = 0
[2018-12-24 14:55:51.218025][debug] [Odometer][0|1545634551211795761|5.962068|-0.673244|3.007726|true|0.000000|0.000000|0.000000|0.000000]
[2018-12-24 14:55:51.233625][debug] [Odometer][0|1545634551221756432|5.962068|-0.673244|3.007726|true|0.000000|0.000000|0.000000|0.000000]
[2018-12-24 14:55:51.233625][debug] [IMU][2.879793|1545634551229149206|-0.078357|-0.192603|9.640295|0.000000|-0.003193|0.001064|-29|-6|-1]
[2018-12-24 14:55:51.233625][debug] [Odometer][0|1545634551231735581|5.962068|-0.673244|3.007726|true|0.000000|0.000000|0.000000|0.000000]
[2018-12-24 14:55:51.249225][debug] DDD: local_points_num = 383 global_points_num = 380
[2018-12-24 14:55:51.249225][debug] [Odometer][0|1545634551243466832|5.962068|-0.673244|3.007726|true|0.000000|0.000000|0.000000|0.000000]
[2018-12-24 14:55:51.249225][debug] [IMU][2.879793|1545634551251820484|-0.062805|-0.193201|9.642688|-0.001064|0.000000|0.001064|-29|-6|-1]
[2018-12-24 14:55:51.249225][debug] [Odometer][0|1545634551252033903|5.962068|-0.673244|3.007726|true|0.000000|0.000000|0.000000|0.000000]
[2018-12-24 14:55:51.264825][debug] [DO]: 0 0 1 0 1 1 0 0 0 0 1 1 1 1 1 1 
[2018-12-24 14:55:51.264825][debug] [DI]: 1 1 1 0 0 0 1 1 1 1 1 1 1 1 1 1 
[2018-12-24 14:55:51.264825][debug] [Controller][0.000000|0.000000|0.000000|false|false|false|false|false|false]
[2018-12-24 14:55:51.264825][debug] [Location][-774.621886|-83631.018429|89.599125|0.893017|0|0|0|0]
[2018-12-24 14:55:51.264825][debug] [Odometer][0|1545634551261786626|5.962068|-0.673244|3.007726|true|0.000000|0.000000|0.000000|0.000000]
[2018-12-24 14:55:51.280425][debug] DDD: local_points_num = 382 global_points_num = 383
[2018-12-24 14:55:51.280425][debug] [IMU][2.879793|1545634551274460742|-0.031104|-0.188416|9.636108|0.002128|-0.001064|0.001064|-29|-6|-1]
[2018-12-24 14:55:51.280425][debug] [Odometer][0|1545634551275173774|5.962068|-0.673244|3.007726|true|0.000000|0.000000|0.000000|0.000000]
[2018-12-24 14:55:51.296025][debug] [Odometer][0|1545634551284364690|5.962068|-0.673244|3.007726|true|0.000000|0.000000|0.000000|0.000000]
[2018-12-24 14:55:51.296025][debug] [Odometer][0|1545634551294347864|5.962068|-0.673244|3.007726|true|0.000000|0.000000|0.000000|0.000000]
[2018-12-24 14:55:51.296025][debug] [IMU][2.879793|1545634551297083039|-0.055029|-0.185425|9.664819|0.002128|-0.001064|0.000000|-29|-6|-1]
[2018-12-24 14:55:51.311625][debug] DDD: local_points_num = 382 global_points_num = 384
[2018-12-24 14:55:51.311625][debug] [Odometer][0|1545634551305223426|5.962068|-0.673244|3.007726|true|0.000000|0.000000|0.000000|0.000000]
[2018-12-24 14:55:51.327225][debug] [Odometer][0|1545634551315200200|5.962068|-0.673244|3.007726|true|0.000000|0.000000|0.000000|0.000000]
[2018-12-24 14:55:51.327225][debug] [IMU][2.879793|1545634551319743684|-0.042468|-0.208154|9.635510|0.001064|-0.002128|0.000000|-29|-6|-1]
[2018-12-24 14:55:51.327225][debug] [Odometer][0|1545634551325206806|5.962068|-0.673244|3.007726|true|0.000000|0.000000|0.000000|0.000000]
[2018-12-24 14:55:51.342825][debug] DDD: local_points_num = 382 global_points_num = 384
[2018-12-24 14:55:51.342825][debug] [Location][-774.621886|-83631.018429|89.599125|0.893017|0|0|0|0]
[2018-12-24 14:55:51.342825][debug] [Service][pause|SoundPlayer|(call from C++)]
[2018-12-24 14:55:51.342825][debug] [Service][pause|SoundPlayer]
[2018-12-24 14:55:51.342825][debug] [Odometer][0|1545634551336042987|5.962068|-0.673244|3.007726|true|0.000000|0.000000|0.000000|0.000000]
[2018-12-24 14:55:51.342825][debug] [IMU][2.879793|1545634551342428226|-0.056226|-0.175854|9.631921|0.000000|-0.001064|0.000000|-29|-6|-1]
[2018-12-24 14:55:51.342825][debug] [Odometer][0|1545634551345302032|5.962068|-0.673244|3.007726|true|0.000000|0.000000|0.000000|0.000000]
[2018-12-24 14:55:51.358425][debug] [DO]: 0 0 1 0 1 1 0 0 0 0 1 1 1 1 1 1 
[2018-12-24 14:55:51.358425][debug] [DI]: 1 1 1 0 0 0 1 1 1 1 1 1 1 1 1 1 
[2018-12-24 14:55:51.358425][debug] [Controller][0.000000|0.000000|0.000000|false|false|false|false|false|false]
[2018-12-24 14:55:51.358425][debug] [Odometer][0|1545634551356120716|5.962068|-0.673244|3.007726|true|0.000000|0.000000|0.000000|0.000000]
[2018-12-24 14:55:51.374025][debug] DDD: local_points_num = 382 global_points_num = 384
[2018-12-24 14:55:51.374025][debug] [IMU][2.879793|1545634551365096045|-0.051440|-0.197986|9.651660|0.001064|-0.001064|0.001064|-29|-6|-1]
[2018-12-24 14:55:51.374025][debug] [Odometer][0|1545634551367823787|5.962068|-0.673244|3.007726|true|0.000000|0.000000|0.000000|0.000000]
[2018-12-24 14:55:51.389625][debug] [Odometer][0|1545634551378249955|5.962068|-0.673244|3.007726|true|0.000000|0.000000|0.000000|0.000000]
[2018-12-24 14:55:51.389625][debug] [IMU][2.879793|1545634551387720510|-0.033496|-0.202173|9.646875|0.000000|-0.001064|0.001064|-29|-6|-1]
[2018-12-24 14:55:51.389625][debug] [Odometer][0|1545634551388001387|5.962068|-0.673244|3.007726|true|0.000000|0.000000|0.000000|0.000000]
[2018-12-24 14:55:51.405225][debug] DDD: local_points_num = 382 global_points_num = 384
[2018-12-24 14:55:51.405225][debug] [Odometer][0|1545634551399657593|5.962068|-0.673244|3.007726|true|0.000000|0.000000|0.000000|0.000000]
[2018-12-24 14:55:51.420825][debug] [Odometer][0|1545634551408646910|5.962068|-0.673244|3.007726|true|0.000000|0.000000|0.000000|0.000000]
[2018-12-24 14:55:51.420825][debug] [Location][-774.621886|-83631.018429|89.599125|0.893017|0|0|0|0]
[2018-12-24 14:55:51.420825][debug] [IMU][2.879793|1545634551410388639|-0.050244|-0.187817|9.606799|-0.001064|-0.001064|0.001064|-29|-6|-1]
[2018-12-24 14:55:51.420825][debug] [Odometer][0|1545634551418685619|5.962068|-0.673244|3.007726|true|0.000000|0.000000|0.000000|0.000000]
[2018-12-24 14:55:51.436425][debug] DDD: local_points_num = 383 global_points_num = 384
[2018-12-24 14:55:51.436425][debug] [Odometer][0|1545634551430402006|5.962068|-0.673244|3.007726|true|0.000000|0.000000|0.000000|0.000000]
[2018-12-24 14:55:51.436425][debug] [IMU][2.879793|1545634551433020484|-0.063403|-0.215930|9.619360|0.000000|0.000000|0.001064|-29|-6|-1]
[2018-12-24 14:55:51.452026][debug] [Odometer][0|1545634551439796432|5.962068|-0.673244|3.007726|true|0.000000|0.000000|0.000000|0.000000]
[2018-12-24 14:55:51.452026][debug] [Odometer][0|1545634551449535116|5.962068|-0.673244|3.007726|true|0.000000|0.000000|0.000000|0.000000]
[2018-12-24 14:55:51.452026][debug] [DO]: 0 0 1 0 1 1 0 0 0 0 1 1 1 1 1 1 
[2018-12-24 14:55:51.452026][debug] [DI]: 1 1 1 0 0 0 1 1 1 1 1 1 1 1 1 1 
[2018-12-24 14:55:51.452026][debug] [Controller][0.000000|0.000000|0.000000|false|false|false|false|false|false]
[2018-12-24 14:55:51.467626][debug] [IMU][2.879793|1545634551455658987|-0.038281|-0.196191|9.652258|0.000000|-0.001064|0.001064|-29|-6|-1]
[2018-12-24 14:55:51.467626][debug] DDD: local_points_num = 383 global_points_num = 0
[2018-12-24 14:55:51.467626][debug] [Odometer][0|1545634551461241645|5.962068|-0.673244|3.007726|true|0.000000|0.000000|0.000000|0.000000]
[2018-12-24 14:55:51.467626][debug] [Odometer][0|1545634551470391942|5.962068|-0.673244|3.007726|true|0.000000|0.000000|0.000000|0.000000]
